Archive member included to satisfy reference by file (symbol)

/usr/lib/gcc/arm-none-eabi/14.2.0/thumb/v7-m/nofp/libgcc.a(_arm_addsubsf3.o)
                              CMakeFiles/cubemx.dir/Core/Src/sonar.c.obj (__aeabi_ui2f)
/usr/lib/gcc/arm-none-eabi/14.2.0/thumb/v7-m/nofp/libgcc.a(_arm_muldivsf3.o)
                              CMakeFiles/cubemx.dir/Core/Src/sonar.c.obj (__aeabi_fdiv)
/usr/lib/gcc/arm-none-eabi/14.2.0/../../../../arm-none-eabi/lib/thumb/v7-m/nofp/libg_nano.a(libc_a-atexit.o)
                              /usr/lib/gcc/arm-none-eabi/14.2.0/../../../../arm-none-eabi/lib/thumb/v7-m/nofp/crt0.o (atexit)
/usr/lib/gcc/arm-none-eabi/14.2.0/../../../../arm-none-eabi/lib/thumb/v7-m/nofp/libg_nano.a(libc_a-exit.o)
                              /usr/lib/gcc/arm-none-eabi/14.2.0/../../../../arm-none-eabi/lib/thumb/v7-m/nofp/crt0.o (exit)
/usr/lib/gcc/arm-none-eabi/14.2.0/../../../../arm-none-eabi/lib/thumb/v7-m/nofp/libg_nano.a(libc_a-findfp.o)
                              /usr/lib/gcc/arm-none-eabi/14.2.0/../../../../arm-none-eabi/lib/thumb/v7-m/nofp/libg_nano.a(libc_a-exit.o) (__stdio_exit_handler)
/usr/lib/gcc/arm-none-eabi/14.2.0/../../../../arm-none-eabi/lib/thumb/v7-m/nofp/libg_nano.a(libc_a-fwalk.o)
                              /usr/lib/gcc/arm-none-eabi/14.2.0/../../../../arm-none-eabi/lib/thumb/v7-m/nofp/libg_nano.a(libc_a-findfp.o) (_fwalk_sglue)
/usr/lib/gcc/arm-none-eabi/14.2.0/../../../../arm-none-eabi/lib/thumb/v7-m/nofp/libg_nano.a(libc_a-stdio.o)
                              /usr/lib/gcc/arm-none-eabi/14.2.0/../../../../arm-none-eabi/lib/thumb/v7-m/nofp/libg_nano.a(libc_a-findfp.o) (__sread)
/usr/lib/gcc/arm-none-eabi/14.2.0/../../../../arm-none-eabi/lib/thumb/v7-m/nofp/libg_nano.a(libc_a-memset.o)
                              /usr/lib/gcc/arm-none-eabi/14.2.0/../../../../arm-none-eabi/lib/thumb/v7-m/nofp/crt0.o (memset)
/usr/lib/gcc/arm-none-eabi/14.2.0/../../../../arm-none-eabi/lib/thumb/v7-m/nofp/libg_nano.a(libc_a-closer.o)
                              /usr/lib/gcc/arm-none-eabi/14.2.0/../../../../arm-none-eabi/lib/thumb/v7-m/nofp/libg_nano.a(libc_a-stdio.o) (_close_r)
/usr/lib/gcc/arm-none-eabi/14.2.0/../../../../arm-none-eabi/lib/thumb/v7-m/nofp/libg_nano.a(libc_a-reent.o)
                              /usr/lib/gcc/arm-none-eabi/14.2.0/../../../../arm-none-eabi/lib/thumb/v7-m/nofp/libg_nano.a(libc_a-closer.o) (errno)
/usr/lib/gcc/arm-none-eabi/14.2.0/../../../../arm-none-eabi/lib/thumb/v7-m/nofp/libg_nano.a(libc_a-impure.o)
                              /usr/lib/gcc/arm-none-eabi/14.2.0/../../../../arm-none-eabi/lib/thumb/v7-m/nofp/libg_nano.a(libc_a-reent.o) (_impure_ptr)
/usr/lib/gcc/arm-none-eabi/14.2.0/../../../../arm-none-eabi/lib/thumb/v7-m/nofp/libg_nano.a(libc_a-lseekr.o)
                              /usr/lib/gcc/arm-none-eabi/14.2.0/../../../../arm-none-eabi/lib/thumb/v7-m/nofp/libg_nano.a(libc_a-stdio.o) (_lseek_r)
/usr/lib/gcc/arm-none-eabi/14.2.0/../../../../arm-none-eabi/lib/thumb/v7-m/nofp/libg_nano.a(libc_a-readr.o)
                              /usr/lib/gcc/arm-none-eabi/14.2.0/../../../../arm-none-eabi/lib/thumb/v7-m/nofp/libg_nano.a(libc_a-stdio.o) (_read_r)
/usr/lib/gcc/arm-none-eabi/14.2.0/../../../../arm-none-eabi/lib/thumb/v7-m/nofp/libg_nano.a(libc_a-writer.o)
                              /usr/lib/gcc/arm-none-eabi/14.2.0/../../../../arm-none-eabi/lib/thumb/v7-m/nofp/libg_nano.a(libc_a-stdio.o) (_write_r)
/usr/lib/gcc/arm-none-eabi/14.2.0/../../../../arm-none-eabi/lib/thumb/v7-m/nofp/libg_nano.a(libc_a-errno.o)
                              CMakeFiles/cubemx.dir/Core/Src/sysmem.c.obj (__errno)
/usr/lib/gcc/arm-none-eabi/14.2.0/../../../../arm-none-eabi/lib/thumb/v7-m/nofp/libg_nano.a(libc_a-init.o)
                              /usr/lib/gcc/arm-none-eabi/14.2.0/../../../../arm-none-eabi/lib/thumb/v7-m/nofp/crt0.o (__libc_init_array)
/usr/lib/gcc/arm-none-eabi/14.2.0/../../../../arm-none-eabi/lib/thumb/v7-m/nofp/libg_nano.a(libc_a-fini.o)
                              /usr/lib/gcc/arm-none-eabi/14.2.0/../../../../arm-none-eabi/lib/thumb/v7-m/nofp/crt0.o (__libc_fini_array)
/usr/lib/gcc/arm-none-eabi/14.2.0/../../../../arm-none-eabi/lib/thumb/v7-m/nofp/libg_nano.a(libc_a-lock.o)
                              /usr/lib/gcc/arm-none-eabi/14.2.0/../../../../arm-none-eabi/lib/thumb/v7-m/nofp/libg_nano.a(libc_a-findfp.o) (__retarget_lock_init_recursive)
/usr/lib/gcc/arm-none-eabi/14.2.0/../../../../arm-none-eabi/lib/thumb/v7-m/nofp/libg_nano.a(libc_a-__atexit.o)
                              /usr/lib/gcc/arm-none-eabi/14.2.0/../../../../arm-none-eabi/lib/thumb/v7-m/nofp/libg_nano.a(libc_a-atexit.o) (__register_exitproc)
/usr/lib/gcc/arm-none-eabi/14.2.0/../../../../arm-none-eabi/lib/thumb/v7-m/nofp/libg_nano.a(libc_a-__call_atexit.o)
                              /usr/lib/gcc/arm-none-eabi/14.2.0/../../../../arm-none-eabi/lib/thumb/v7-m/nofp/libg_nano.a(libc_a-__atexit.o) (__call_exitprocs)
[...]
Memory Configuration

Name             Origin             Length             Attributes
RAM              0x20000000         0x00005000         xrw
FLASH            0x08000000         0x00010000         xr
*default*        0x00000000         0xffffffff

Linker script and memory map

LOAD /usr/lib/gcc/arm-none-eabi/14.2.0/thumb/v7-m/nofp/crti.o
LOAD /usr/lib/gcc/arm-none-eabi/14.2.0/thumb/v7-m/nofp/crtbegin.o
LOAD /usr/lib/gcc/arm-none-eabi/14.2.0/../../../../arm-none-eabi/lib/thumb/v7-m/nofp/crt0.o
LOAD cmake/stm32cubemx/CMakeFiles/STM32_Drivers.dir/__/__/Core/Src/system_stm32f1xx.c.obj
LOAD cmake/stm32cubemx/CMakeFiles/STM32_Drivers.dir/__/__/Drivers/STM32F1xx_HAL_Driver/Src/stm32f1xx_hal_gpio_ex.c.obj
LOAD cmake/stm32cubemx/CMakeFiles/STM32_Drivers.dir/__/__/Drivers/STM32F1xx_HAL_Driver/Src/stm32f1xx_hal_tim.c.obj
LOAD cmake/stm32cubemx/CMakeFiles/STM32_Drivers.dir/__/__/Drivers/STM32F1xx_HAL_Driver/Src/stm32f1xx_hal_tim_ex.c.obj
LOAD cmake/stm32cubemx/CMakeFiles/STM32_Drivers.dir/__/__/Drivers/STM32F1xx_HAL_Driver/Src/stm32f1xx_hal.c.obj
LOAD cmake/stm32cubemx/CMakeFiles/STM32_Drivers.dir/__/__/Drivers/STM32F1xx_HAL_Driver/Src/stm32f1xx_hal_rcc.c.obj
LOAD cmake/stm32cubemx/CMakeFiles/STM32_Drivers.dir/__/__/Drivers/STM32F1xx_HAL_Driver/Src/stm32f1xx_hal_rcc_ex.c.obj
LOAD cmake/stm32cubemx/CMakeFiles/STM32_Drivers.dir/__/__/Drivers/STM32F1xx_HAL_Driver/Src/stm32f1xx_hal_gpio.c.obj
LOAD cmake/stm32cubemx/CMakeFiles/STM32_Drivers.dir/__/__/Drivers/STM32F1xx_HAL_Driver/Src/stm32f1xx_hal_dma.c.obj
LOAD cmake/stm32cubemx/CMakeFiles/STM32_Drivers.dir/__/__/Drivers/STM32F1xx_HAL_Driver/Src/stm32f1xx_hal_cortex.c.obj
LOAD cmake/stm32cubemx/CMakeFiles/STM32_Drivers.dir/__/__/Drivers/STM32F1xx_HAL_Driver/Src/stm32f1xx_hal_pwr.c.obj
LOAD cmake/stm32cubemx/CMakeFiles/STM32_Drivers.dir/__/__/Drivers/STM32F1xx_HAL_Driver/Src/stm32f1xx_hal_flash.c.obj
LOAD cmake/stm32cubemx/CMakeFiles/STM32_Drivers.dir/__/__/Drivers/STM32F1xx_HAL_Driver/Src/stm32f1xx_hal_flash_ex.c.obj
LOAD cmake/stm32cubemx/CMakeFiles/STM32_Drivers.dir/__/__/Drivers/STM32F1xx_HAL_Driver/Src/stm32f1xx_hal_exti.c.obj
LOAD CMakeFiles/cubemx.dir/Core/Src/main.c.obj
LOAD CMakeFiles/cubemx.dir/Core/Src/gpio.c.obj
LOAD CMakeFiles/cubemx.dir/Core/Src/tim.c.obj
LOAD CMakeFiles/cubemx.dir/Core/Src/stm32f1xx_it.c.obj
LOAD CMakeFiles/cubemx.dir/Core/Src/stm32f1xx_hal_msp.c.obj
LOAD CMakeFiles/cubemx.dir/Core/Src/sysmem.c.obj
LOAD CMakeFiles/cubemx.dir/Core/Src/syscalls.c.obj
LOAD CMakeFiles/cubemx.dir/startup_stm32f103xb.s.obj
LOAD CMakeFiles/cubemx.dir/Core/Src/servo.c.obj
LOAD CMakeFiles/cubemx.dir/Core/Src/sonar.c.obj
LOAD CMakeFiles/cubemx.dir/Core/Src/sccb.c.obj
LOAD CMakeFiles/cubemx.dir/Core/Src/ov2640.c.obj
LOAD CMakeFiles/cubemx.dir/Core/Src/vision.c.obj
LOAD /usr/lib/gcc/arm-none-eabi/14.2.0/../../../../arm-none-eabi/lib/thumb/v7-m/nofp/libm.a
START GROUP
LOAD /usr/lib/gcc/arm-none-eabi/14.2.0/thumb/v7-m/nofp/libgcc.a
LOAD /usr/lib/gcc/arm-none-eabi/14.2.0/../../../../arm-none-eabi/lib/thumb/v7-m/nofp/libg_nano.a
LOAD /usr/lib/gcc/arm-none-eabi/14.2.0/../../../../arm-none-eabi/lib/thumb/v7-m/nofp/libc_nano.a
END GROUP
START GROUP
LOAD /usr/lib/gcc/arm-none-eabi/14.2.0/thumb/v7-m/nofp/libgcc.a
LOAD /usr/lib/gcc/arm-none-eabi/14.2.0/../../../../arm-none-eabi/lib/thumb/v7-m/nofp/libc_nano.a
END GROUP
LOAD /usr/lib/gcc/arm-none-eabi/14.2.0/thumb/v7-m/nofp/crtend.o
LOAD /usr/lib/gcc/arm-none-eabi/14.2.0/thumb/v7-m/nofp/crtn.o
                0x20005000                        _estack = (ORIGIN (RAM) + LENGTH (RAM))
                0x00000200                        _Min_Heap_Size = 0x200
                0x00000400                        _Min_Stack_Size = 0x400

.isr_vector     0x08000000      0x10c
                0x08000000                        . = ALIGN (0x4)
 *(.isr_vector)
 .isr_vector    0x08000000      0x10c CMakeFiles/cubemx.dir/startup_stm32f103xb.s.obj
                0x08000000                g_pfnVectors
                0x0800010c                        . = ALIGN (0x4)

.text           0x0800010c     0x2bbc
                0x0800010c                        . = ALIGN (0x4)
 *(.text)
 .text          0x0800010c      0x21c /usr/lib/gcc/arm-none-eabi/14.2.0/thumb/v7-m/nofp/libgcc.a(_arm_addsubsf3.o)
                0x0800010c                __aeabi_frsub
                0x08000114                __subsf3
                0x08000114                __aeabi_fsub
                0x08000118                __aeabi_fadd
                0x08000118                __addsf3
                0x08000278                __aeabi_ui2f
                0x08000278                __floatunsisf
                0x08000280                __aeabi_i2f
                0x08000280                __floatsisf
                0x0800029c                __floatundisf
                0x0800029c                __aeabi_ul2f
                0x080002ac                __floatdisf
                0x080002ac                __aeabi_l2f
 .text          0x08000328      0x2a0 /usr/lib/gcc/arm-none-eabi/14.2.0/thumb/v7-m/nofp/libgcc.a(_arm_muldivsf3.o)
                0x08000328                __mulsf3
                0x08000328                __aeabi_fmul
                0x08000490                __divsf3
                0x08000490                __aeabi_fdiv
 *(.text*)
 .text.__do_global_dtors_aux
                0x080005c8       0x24 /usr/lib/gcc/arm-none-eabi/14.2.0/thumb/v7-m/nofp/crtbegin.o
 .text.frame_dummy
                0x080005ec       0x1c /usr/lib/gcc/arm-none-eabi/14.2.0/thumb/v7-m/nofp/crtbegin.o
 .text.SystemInit
                0x08000608        0xc cmake/stm32cubemx/CMakeFiles/STM32_Drivers.dir/__/__/Core/Src/system_stm32f1xx.c.obj
                0x08000608                SystemInit
 .text.HAL_TIM_Base_Init
                0x08000614       0x9e cmake/stm32cubemx/CMakeFiles/STM32_Drivers.dir/__/__/Drivers/STM32F1xx_HAL_Driver/Src/stm32f1xx_hal_tim.c.obj
                0x08000614                HAL_TIM_Base_Init
 .text.HAL_TIM_PWM_Init
                0x080006b2       0x9e cmake/stm32cubemx/CMakeFiles/STM32_Drivers.dir/__/__/Drivers/STM32F1xx_HAL_Driver/Src/stm32f1xx_hal_tim.c.obj
                0x080006b2                HAL_TIM_PWM_Init
 .text.HAL_TIM_PWM_MspInit
                0x08000750       0x12 cmake/stm32cubemx/CMakeFiles/STM32_Drivers.dir/__/__/Drivers/STM32F1xx_HAL_Driver/Src/stm32f1xx_hal_tim.c.obj
                0x08000750                HAL_TIM_PWM_MspInit
 *fill*         0x08000762        0x2 
 .text.HAL_TIM_PWM_Start
                0x08000764      0x144 cmake/stm32cubemx/CMakeFiles/STM32_Drivers.dir/__/__/Drivers/STM32F1xx_HAL_Driver/Src/stm32f1xx_hal_tim.c.obj
                0x08000764                HAL_TIM_PWM_Start
 .text.HAL_TIM_PWM_ConfigChannel
                0x080008a8      0x184 cmake/stm32cubemx/CMakeFiles/STM32_Drivers.dir/__/__/Drivers/STM32F1xx_HAL_Driver/Src/stm32f1xx_hal_tim.c.obj
                0x080008a8                HAL_TIM_PWM_ConfigChannel
 .text.HAL_TIM_ConfigClockSource
                0x08000a2c      0x18e cmake/stm32cubemx/CMakeFiles/STM32_Drivers.dir/__/__/Drivers/STM32F1xx_HAL_Driver/Src/stm32f1xx_hal_tim.c.obj
                0x08000a2c                HAL_TIM_ConfigClockSource
 *fill*         0x08000bba        0x2 
 .text.TIM_Base_SetConfig
                0x08000bbc       0xdc cmake/stm32cubemx/CMakeFiles/STM32_Drivers.dir/__/__/Drivers/STM32F1xx_HAL_Driver/Src/stm32f1xx_hal_tim.c.obj
                0x08000bbc                TIM_Base_SetConfig
 .text.TIM_OC1_SetConfig
                0x08000c98       0xcc cmake/stm32cubemx/CMakeFiles/STM32_Drivers.dir/__/__/Drivers/STM32F1xx_HAL_Driver/Src/stm32f1xx_hal_tim.c.obj
 .text.TIM_OC2_SetConfig
                0x08000d64       0xd4 cmake/stm32cubemx/CMakeFiles/STM32_Drivers.dir/__/__/Drivers/STM32F1xx_HAL_Driver/Src/stm32f1xx_hal_tim.c.obj
                0x08000d64                TIM_OC2_SetConfig
 .text.TIM_OC3_SetConfig
                0x08000e38       0xd4 cmake/stm32cubemx/CMakeFiles/STM32_Drivers.dir/__/__/Drivers/STM32F1xx_HAL_Driver/Src/stm32f1xx_hal_tim.c.obj
 .text.TIM_OC4_SetConfig
                0x08000f0c       0x9c cmake/stm32cubemx/CMakeFiles/STM32_Drivers.dir/__/__/Drivers/STM32F1xx_HAL_Driver/Src/stm32f1xx_hal_tim.c.obj
 .text.TIM_TI1_ConfigInputStage
                0x08000fa8       0x5c cmake/stm32cubemx/CMakeFiles/STM32_Drivers.dir/__/__/Drivers/STM32F1xx_HAL_Driver/Src/stm32f1xx_hal_tim.c.obj
 .text.TIM_TI2_ConfigInputStage
                0x08001004       0x5e cmake/stm32cubemx/CMakeFiles/STM32_Drivers.dir/__/__/Drivers/STM32F1xx_HAL_Driver/Src/stm32f1xx_hal_tim.c.obj
 .text.TIM_ITRx_SetConfig
                0x08001062       0x34 cmake/stm32cubemx/CMakeFiles/STM32_Drivers.dir/__/__/Drivers/STM32F1xx_HAL_Driver/Src/stm32f1xx_hal_tim.c.obj
 .text.TIM_ETR_SetConfig
                0x08001096       0x3e cmake/stm32cubemx/CMakeFiles/STM32_Drivers.dir/__/__/Drivers/STM32F1xx_HAL_Driver/Src/stm32f1xx_hal_tim.c.obj
                0x08001096                TIM_ETR_SetConfig
 .text.TIM_CCxChannelCmd
                0x080010d4       0x48 cmake/stm32cubemx/CMakeFiles/STM32_Drivers.dir/__/__/Drivers/STM32F1xx_HAL_Driver/Src/stm32f1xx_hal_tim.c.obj
                0x080010d4                TIM_CCxChannelCmd
 .text.HAL_TIMEx_MasterConfigSynchronization
                0x0800111c       0xbc cmake/stm32cubemx/CMakeFiles/STM32_Drivers.dir/__/__/Drivers/STM32F1xx_HAL_Driver/Src/stm32f1xx_hal_tim_ex.c.obj
                0x0800111c                HAL_TIMEx_MasterConfigSynchronization
 .text.HAL_Init
                0x080011d8       0x2c cmake/stm32cubemx/CMakeFiles/STM32_Drivers.dir/__/__/Drivers/STM32F1xx_HAL_Driver/Src/stm32f1xx_hal.c.obj
                0x080011d8                HAL_Init
 .text.HAL_InitTick
                0x08001204       0x60 cmake/stm32cubemx/CMakeFiles/STM32_Drivers.dir/__/__/Drivers/STM32F1xx_HAL_Driver/Src/stm32f1xx_hal.c.obj
                0x08001204                HAL_InitTick
 .text.HAL_IncTick
                0x08001264       0x24 cmake/stm32cubemx/CMakeFiles/STM32_Drivers.dir/__/__/Drivers/STM32F1xx_HAL_Driver/Src/stm32f1xx_hal.c.obj
                0x08001264                HAL_IncTick
 .text.HAL_GetTick
                0x08001288       0x14 cmake/stm32cubemx/CMakeFiles/STM32_Drivers.dir/__/__/Drivers/STM32F1xx_HAL_Driver/Src/stm32f1xx_hal.c.obj
                0x08001288                HAL_GetTick
 .text.HAL_Delay
                0x0800129c       0x48 cmake/stm32cubemx/CMakeFiles/STM32_Drivers.dir/__/__/Drivers/STM32F1xx_HAL_Driver/Src/stm32f1xx_hal.c.obj
                0x0800129c                HAL_Delay
 .text.HAL_RCC_OscConfig
                0x080012e4      0x504 cmake/stm32cubemx/CMakeFiles/STM32_Drivers.dir/__/__/Drivers/STM32F1xx_HAL_Driver/Src/stm32f1xx_hal_rcc.c.obj
                0x080012e4                HAL_RCC_OscConfig
 .text.HAL_RCC_ClockConfig
                0x080017e8      0x1d4 cmake/stm32cubemx/CMakeFiles/STM32_Drivers.dir/__/__/Drivers/STM32F1xx_HAL_Driver/Src/stm32f1xx_hal_rcc.c.obj
                0x080017e8                HAL_RCC_ClockConfig
 .text.HAL_RCC_GetSysClockFreq
                0x080019bc       0xa8 cmake/stm32cubemx/CMakeFiles/STM32_Drivers.dir/__/__/Drivers/STM32F1xx_HAL_Driver/Src/stm32f1xx_hal_rcc.c.obj
                0x080019bc                HAL_RCC_GetSysClockFreq
 .text.RCC_Delay
                0x08001a64       0x3c cmake/stm32cubemx/CMakeFiles/STM32_Drivers.dir/__/__/Drivers/STM32F1xx_HAL_Driver/Src/stm32f1xx_hal_rcc.c.obj
 .text.HAL_GPIO_Init
                0x08001aa0      0x308 cmake/stm32cubemx/CMakeFiles/STM32_Drivers.dir/__/__/Drivers/STM32F1xx_HAL_Driver/Src/stm32f1xx_hal_gpio.c.obj
                0x08001aa0                HAL_GPIO_Init
 .text.HAL_GPIO_ReadPin
                0x08001da8       0x2e cmake/stm32cubemx/CMakeFiles/STM32_Drivers.dir/__/__/Drivers/STM32F1xx_HAL_Driver/Src/stm32f1xx_hal_gpio.c.obj
                0x08001da8                HAL_GPIO_ReadPin
 .text.HAL_GPIO_WritePin
                0x08001dd6       0x30 cmake/stm32cubemx/CMakeFiles/STM32_Drivers.dir/__/__/Drivers/STM32F1xx_HAL_Driver/Src/stm32f1xx_hal_gpio.c.obj
                0x08001dd6                HAL_GPIO_WritePin
 *fill*         0x08001e06        0x2 
 .text.__NVIC_SetPriorityGrouping
                0x08001e08       0x48 cmake/stm32cubemx/CMakeFiles/STM32_Drivers.dir/__/__/Drivers/STM32F1xx_HAL_Driver/Src/stm32f1xx_hal_cortex.c.obj
 .text.__NVIC_GetPriorityGrouping
                0x08001e50       0x1c cmake/stm32cubemx/CMakeFiles/STM32_Drivers.dir/__/__/Drivers/STM32F1xx_HAL_Driver/Src/stm32f1xx_hal_cortex.c.obj
 .text.__NVIC_SetPriority
                0x08001e6c       0x54 cmake/stm32cubemx/CMakeFiles/STM32_Drivers.dir/__/__/Drivers/STM32F1xx_HAL_Driver/Src/stm32f1xx_hal_cortex.c.obj
 .text.NVIC_EncodePriority
                0x08001ec0       0x64 cmake/stm32cubemx/CMakeFiles/STM32_Drivers.dir/__/__/Drivers/STM32F1xx_HAL_Driver/Src/stm32f1xx_hal_cortex.c.obj
 .text.SysTick_Config
                0x08001f24       0x44 cmake/stm32cubemx/CMakeFiles/STM32_Drivers.dir/__/__/Drivers/STM32F1xx_HAL_Driver/Src/stm32f1xx_hal_cortex.c.obj
 .text.HAL_NVIC_SetPriorityGrouping
                0x08001f68       0x16 cmake/stm32cubemx/CMakeFiles/STM32_Drivers.dir/__/__/Drivers/STM32F1xx_HAL_Driver/Src/stm32f1xx_hal_cortex.c.obj
                0x08001f68                HAL_NVIC_SetPriorityGrouping
 .text.HAL_NVIC_SetPriority
                0x08001f7e       0x38 cmake/stm32cubemx/CMakeFiles/STM32_Drivers.dir/__/__/Drivers/STM32F1xx_HAL_Driver/Src/stm32f1xx_hal_cortex.c.obj
                0x08001f7e                HAL_NVIC_SetPriority
 .text.HAL_SYSTICK_Config
                0x08001fb6       0x18 cmake/stm32cubemx/CMakeFiles/STM32_Drivers.dir/__/__/Drivers/STM32F1xx_HAL_Driver/Src/stm32f1xx_hal_cortex.c.obj
                0x08001fb6                HAL_SYSTICK_Config
 .text.main     0x08001fce       0xd2 CMakeFiles/cubemx.dir/Core/Src/main.c.obj
                0x08001fce                main
 .text.SystemClock_Config
                0x080020a0       0x8a CMakeFiles/cubemx.dir/Core/Src/main.c.obj
                0x080020a0                SystemClock_Config
 .text.Error_Handler
                0x0800212a        0xc CMakeFiles/cubemx.dir/Core/Src/main.c.obj
                0x0800212a                Error_Handler
 *fill*         0x08002136        0x2 
 .text.MX_GPIO_Init
                0x08002138       0xf4 CMakeFiles/cubemx.dir/Core/Src/gpio.c.obj
                0x08002138                MX_GPIO_Init
 .text.MX_TIM3_Init
                0x0800222c      0x104 CMakeFiles/cubemx.dir/Core/Src/tim.c.obj
                0x0800222c                MX_TIM3_Init
 .text.HAL_TIM_Base_MspInit
                0x08002330       0x3c CMakeFiles/cubemx.dir/Core/Src/tim.c.obj
                0x08002330                HAL_TIM_Base_MspInit
 .text.HAL_TIM_MspPostInit
                0x0800236c       0x64 CMakeFiles/cubemx.dir/Core/Src/tim.c.obj
                0x0800236c                HAL_TIM_MspPostInit
 .text.NMI_Handler
                0x080023d0        0x8 CMakeFiles/cubemx.dir/Core/Src/stm32f1xx_it.c.obj
                0x080023d0                NMI_Handler
 .text.HardFault_Handler
                0x080023d8        0x8 CMakeFiles/cubemx.dir/Core/Src/stm32f1xx_it.c.obj
                0x080023d8                HardFault_Handler
 .text.MemManage_Handler
                0x080023e0        0x8 CMakeFiles/cubemx.dir/Core/Src/stm32f1xx_it.c.obj
                0x080023e0                MemManage_Handler
 .text.BusFault_Handler
                0x080023e8        0x8 CMakeFiles/cubemx.dir/Core/Src/stm32f1xx_it.c.obj
                0x080023e8                BusFault_Handler
 .text.UsageFault_Handler
                0x080023f0        0x8 CMakeFiles/cubemx.dir/Core/Src/stm32f1xx_it.c.obj
                0x080023f0                UsageFault_Handler
 .text.SVC_Handler
                0x080023f8        0xc CMakeFiles/cubemx.dir/Core/Src/stm32f1xx_it.c.obj
                0x080023f8                SVC_Handler
 .text.DebugMon_Handler
                0x08002404        0xc CMakeFiles/cubemx.dir/Core/Src/stm32f1xx_it.c.obj
                0x08002404                DebugMon_Handler
 .text.PendSV_Handler
                0x08002410        0xc CMakeFiles/cubemx.dir/Core/Src/stm32f1xx_it.c.obj
                0x08002410                PendSV_Handler
 .text.SysTick_Handler
                0x0800241c        0xc CMakeFiles/cubemx.dir/Core/Src/stm32f1xx_it.c.obj
                0x0800241c                SysTick_Handler
 .text.HAL_MspInit
                0x08002428       0x64 CMakeFiles/cubemx.dir/Core/Src/stm32f1xx_hal_msp.c.obj
                0x08002428                HAL_MspInit
 .text.Reset_Handler
                0x0800248c       0x48 CMakeFiles/cubemx.dir/startup_stm32f103xb.s.obj
                0x0800248c                Reset_Handler
 .text.Default_Handler
                0x080024d4        0x2 CMakeFiles/cubemx.dir/startup_stm32f103xb.s.obj
                0x080024d4                RTC_Alarm_IRQHandler
                0x080024d4                EXTI2_IRQHandler
                0x080024d4                TIM1_CC_IRQHandler
                0x080024d4                PVD_IRQHandler
                0x080024d4                EXTI3_IRQHandler
                0x080024d4                EXTI0_IRQHandler
                0x080024d4                I2C2_EV_IRQHandler
                0x080024d4                ADC1_2_IRQHandler
                0x080024d4                SPI1_IRQHandler
                0x080024d4                TAMPER_IRQHandler
                0x080024d4                DMA1_Channel4_IRQHandler
                0x080024d4                USART3_IRQHandler
                0x080024d4                RTC_IRQHandler
                0x080024d4                DMA1_Channel7_IRQHandler
                0x080024d4                CAN1_RX1_IRQHandler
                0x080024d4                TIM4_IRQHandler
                0x080024d4                I2C1_EV_IRQHandler
                0x080024d4                DMA1_Channel6_IRQHandler
                0x080024d4                TIM3_IRQHandler
                0x080024d4                RCC_IRQHandler
                0x080024d4                TIM1_TRG_COM_IRQHandler
                0x080024d4                DMA1_Channel1_IRQHandler
                0x080024d4                Default_Handler
                0x080024d4                EXTI15_10_IRQHandler
                0x080024d4                EXTI9_5_IRQHandler
                0x080024d4                SPI2_IRQHandler
                0x080024d4                DMA1_Channel5_IRQHandler
                0x080024d4                EXTI4_IRQHandler
                0x080024d4                USB_LP_CAN1_RX0_IRQHandler
                0x080024d4                USB_HP_CAN1_TX_IRQHandler
                0x080024d4                DMA1_Channel3_IRQHandler
                0x080024d4                TIM1_UP_IRQHandler
                0x080024d4                WWDG_IRQHandler
                0x080024d4                TIM2_IRQHandler
                0x080024d4                TIM1_BRK_IRQHandler
                0x080024d4                EXTI1_IRQHandler
                0x080024d4                USART2_IRQHandler
                0x080024d4                I2C2_ER_IRQHandler
                0x080024d4                DMA1_Channel2_IRQHandler
                0x080024d4                CAN1_SCE_IRQHandler
                0x080024d4                FLASH_IRQHandler
                0x080024d4                USART1_IRQHandler
                0x080024d4                I2C1_ER_IRQHandler
                0x080024d4                USBWakeUp_IRQHandler
 *fill*         0x080024d6        0x2 
 .text.Servo_Init
                0x080024d8       0x1c CMakeFiles/cubemx.dir/Core/Src/servo.c.obj
                0x080024d8                Servo_Init
 .text.Servo_Set_PWM
                0x080024f4       0x54 CMakeFiles/cubemx.dir/Core/Src/servo.c.obj
                0x080024f4                Servo_Set_PWM
 .text.DWT_Init
                0x08002548       0x34 CMakeFiles/cubemx.dir/Core/Src/sonar.c.obj
                0x08002548                DWT_Init
 .text.delay_us
                0x0800257c       0x4c CMakeFiles/cubemx.dir/Core/Src/sonar.c.obj
                0x0800257c                delay_us
 .text.Sonar_Init
                0x080025c8       0x1c CMakeFiles/cubemx.dir/Core/Src/sonar.c.obj
                0x080025c8                Sonar_Init
 .text.Sonar_Measure
                0x080025e4       0xd8 CMakeFiles/cubemx.dir/Core/Src/sonar.c.obj
                0x080025e4                Sonar_Measure
 .text.SCCB_Delay
                0x080026bc       0x24 CMakeFiles/cubemx.dir/Core/Src/sccb.c.obj
 .text.SCCB_Init
                0x080026e0       0x3c CMakeFiles/cubemx.dir/Core/Src/sccb.c.obj
                0x080026e0                SCCB_Init
 .text.SCCB_Start
                0x0800271c       0x44 CMakeFiles/cubemx.dir/Core/Src/sccb.c.obj
                0x0800271c                SCCB_Start
 .text.SCCB_Stop
                0x08002760       0x38 CMakeFiles/cubemx.dir/Core/Src/sccb.c.obj
                0x08002760                SCCB_Stop
 .text.SCCB_No_Ack
                0x08002798       0x4c CMakeFiles/cubemx.dir/Core/Src/sccb.c.obj
                0x08002798                SCCB_No_Ack
 .text.SCCB_Write_Byte
                0x080027e4       0xfc CMakeFiles/cubemx.dir/Core/Src/sccb.c.obj
                0x080027e4                SCCB_Write_Byte
 .text.SCCB_Read_Byte
                0x080028e0       0x98 CMakeFiles/cubemx.dir/Core/Src/sccb.c.obj
                0x080028e0                SCCB_Read_Byte
 .text.SCCB_WR_Reg
                0x08002978       0x62 CMakeFiles/cubemx.dir/Core/Src/sccb.c.obj
                0x08002978                SCCB_WR_Reg
 .text.SCCB_RD_Reg
                0x080029da       0x48 CMakeFiles/cubemx.dir/Core/Src/sccb.c.obj
                0x080029da                SCCB_RD_Reg
 *fill*         0x08002a22        0x2 
 .text.OV2640_Init
                0x08002a24       0x98 CMakeFiles/cubemx.dir/Core/Src/ov2640.c.obj
                0x08002a24                OV2640_Init
 .text.Read_Pixel
                0x08002abc       0x70 CMakeFiles/cubemx.dir/Core/Src/vision.c.obj
 .text.Vision_Process_Frame
                0x08002b2c      0x12c CMakeFiles/cubemx.dir/Core/Src/vision.c.obj
                0x08002b2c                Vision_Process_Frame
 .text.memset   0x08002c58       0x10 /usr/lib/gcc/arm-none-eabi/14.2.0/../../../../arm-none-eabi/lib/thumb/v7-m/nofp/libg_nano.a(libc_a-memset.o)
                0x08002c58                memset
 .text.__libc_init_array
                0x08002c68       0x48 /usr/lib/gcc/arm-none-eabi/14.2.0/../../../../arm-none-eabi/lib/thumb/v7-m/nofp/libg_nano.a(libc_a-init.o)
                0x08002c68                __libc_init_array
 *(.glue_7)
 .glue_7        0x08002cb0        0x0 linker stubs
 *(.glue_7t)
 .glue_7t       0x08002cb0        0x0 linker stubs
 *(.eh_frame)
 .eh_frame      0x08002cb0        0x0 /usr/lib/gcc/arm-none-eabi/14.2.0/thumb/v7-m/nofp/crtbegin.o
 *(.init)
 .init          0x08002cb0        0x4 /usr/lib/gcc/arm-none-eabi/14.2.0/thumb/v7-m/nofp/crti.o
                0x08002cb0                _init
 .init          0x08002cb4        0x8 /usr/lib/gcc/arm-none-eabi/14.2.0/thumb/v7-m/nofp/crtn.o
 *(.fini)
 .fini          0x08002cbc        0x4 /usr/lib/gcc/arm-none-eabi/14.2.0/thumb/v7-m/nofp/crti.o
                0x08002cbc                _fini
 .fini          0x08002cc0        0x8 /usr/lib/gcc/arm-none-eabi/14.2.0/thumb/v7-m/nofp/crtn.o
                0x08002cc8                        . = ALIGN (0x4)
                0x08002cc8                        _etext = .

.vfp11_veneer   0x08002cc8        0x0
 .vfp11_veneer  0x08002cc8        0x0 linker stubs

.v4_bx          0x08002cc8        0x0
 .v4_bx         0x08002cc8        0x0 linker stubs

.iplt           0x08002cc8        0x0
 .iplt          0x08002cc8        0x0 /usr/lib/gcc/arm-none-eabi/14.2.0/thumb/v7-m/nofp/crtbegin.o

.rodata         0x08002cc8      0x17c
                0x08002cc8                        . = ALIGN (0x4)
 *(.rodata)
 *(.rodata*)
 .rodata.AHBPrescTable
                0x08002cc8       0x10 cmake/stm32cubemx/CMakeFiles/STM32_Drivers.dir/__/__/Core/Src/system_stm32f1xx.c.obj
                0x08002cc8                AHBPrescTable
 .rodata.aPLLMULFactorTable.1
                0x08002cd8       0x10 cmake/stm32cubemx/CMakeFiles/STM32_Drivers.dir/__/__/Drivers/STM32F1xx_HAL_Driver/Src/stm32f1xx_hal_rcc.c.obj
 .rodata.aPredivFactorTable.0
                0x08002ce8        0x2 cmake/stm32cubemx/CMakeFiles/STM32_Drivers.dir/__/__/Drivers/STM32F1xx_HAL_Driver/Src/stm32f1xx_hal_rcc.c.obj
 *fill*         0x08002cea        0x2 
 .rodata.OV2640_QQVGA
                0x08002cec      0x158 CMakeFiles/cubemx.dir/Core/Src/ov2640.c.obj
                0x08002cec                OV2640_QQVGA
                0x08002e44                        . = ALIGN (0x4)

.ARM.extab      0x08002e44        0x0
                0x08002e44                        . = ALIGN (0x4)
 *(.ARM.extab* .gnu.linkonce.armextab.*)
                0x08002e44                        . = ALIGN (0x4)

.ARM            0x08002e44        0x0
                0x08002e44                        . = ALIGN (0x4)
                0x08002e44                        __exidx_start = .
 *(.ARM.exidx*)
                0x08002e44                        __exidx_end = .
                0x08002e44                        . = ALIGN (0x4)

.preinit_array  0x08002e44        0x0
                0x08002e44                        . = ALIGN (0x4)
                0x08002e44                        PROVIDE (__preinit_array_start = .)
 *(.preinit_array*)
                0x08002e44                        PROVIDE (__preinit_array_end = .)
                0x08002e44                        . = ALIGN (0x4)

.init_array     0x08002e44        0x4
                0x08002e44                        . = ALIGN (0x4)
                0x08002e44                        PROVIDE (__init_array_start = .)
 *(SORT_BY_NAME(.init_array.*))
 *(.init_array*)
 .init_array    0x08002e44        0x4 /usr/lib/gcc/arm-none-eabi/14.2.0/thumb/v7-m/nofp/crtbegin.o
                0x08002e48                        PROVIDE (__init_array_end = .)
                0x08002e48                        . = ALIGN (0x4)

.fini_array     0x08002e48        0x4
                0x08002e48                        . = ALIGN (0x4)
                0x08002e48                        PROVIDE (__fini_array_start = .)
 *(SORT_BY_NAME(.fini_array.*))
 *(.fini_array*)
 .fini_array    0x08002e48        0x4 /usr/lib/gcc/arm-none-eabi/14.2.0/thumb/v7-m/nofp/crtbegin.o
                0x08002e4c                        PROVIDE (__fini_array_end = .)
                0x08002e4c                        . = ALIGN (0x4)
                0x08002e4c                        _sidata = LOADADDR (.data)

.rel.dyn        0x08002e4c        0x0
 .rel.iplt      0x08002e4c        0x0 /usr/lib/gcc/arm-none-eabi/14.2.0/thumb/v7-m/nofp/crtbegin.o

.data           0x20000000        0xc load address 0x08002e4c
                0x20000000                        . = ALIGN (0x4)
                0x20000000                        _sdata = .
 *(.data)
 *(.data*)
 .data.SystemCoreClock
                0x20000000        0x4 cmake/stm32cubemx/CMakeFiles/STM32_Drivers.dir/__/__/Core/Src/system_stm32f1xx.c.obj
                0x20000000                SystemCoreClock
 .data.uwTickPrio
                0x20000004        0x4 cmake/stm32cubemx/CMakeFiles/STM32_Drivers.dir/__/__/Drivers/STM32F1xx_HAL_Driver/Src/stm32f1xx_hal.c.obj
                0x20000004                uwTickPrio
 .data.uwTickFreq
                0x20000008        0x1 cmake/stm32cubemx/CMakeFiles/STM32_Drivers.dir/__/__/Drivers/STM32F1xx_HAL_Driver/Src/stm32f1xx_hal.c.obj
                0x20000008                uwTickFreq
 *(.RamFunc)
 *(.RamFunc*)
                0x2000000c                        . = ALIGN (0x4)
 *fill*         0x20000009        0x3 

.igot.plt       0x2000000c        0x0 load address 0x08002e58
 .igot.plt      0x2000000c        0x0 /usr/lib/gcc/arm-none-eabi/14.2.0/thumb/v7-m/nofp/crtbegin.o

.tdata          0x2000000c        0x0 load address 0x08002e58
 *(.tdata .tdata.* .gnu.linkonce.td.*)
                0x2000000c                        . = ALIGN (0x4)
                0x2000000c                        _edata = .
                [!provide]                        PROVIDE (__data_end = .)
                [!provide]                        PROVIDE (__tdata_end = .)
                [!provide]                        PROVIDE (__tdata_start = ADDR (.tdata))
                [!provide]                        PROVIDE (__tdata_size = (__tdata_end - __tdata_start))
                [!provide]                        PROVIDE (__data_start = ADDR (.data))
                [!provide]                        PROVIDE (__data_size = (__data_end - __data_start))
                [!provide]                        PROVIDE (__tdata_source = LOADADDR (.tdata))
                [!provide]                        PROVIDE (__tdata_source_end = (LOADADDR (.tdata) + SIZEOF (.tdata)))
                [!provide]                        PROVIDE (__tdata_source_size = (__tdata_source_end - __tdata_source))
                [!provide]                        PROVIDE (__data_source = LOADADDR (.data))
                [!provide]                        PROVIDE (__data_source_end = __tdata_source_end)
                [!provide]                        PROVIDE (__data_source_size = (__data_source_end - __data_source))

.tbss           0x2000000c        0x0 load address 0x08002e58
                0x2000000c                        _sbss = .
                0x2000000c                        __bss_start__ = _sbss
 *(.tbss .tbss.*)
                0x2000000c                        . = ALIGN (0x4)
                [!provide]                        PROVIDE (__tbss_end = .)
                [!provide]                        PROVIDE (__tbss_start = ADDR (.tbss))
                [!provide]                        PROVIDE (__tbss_size = (__tbss_end - __tbss_start))
                [!provide]                        PROVIDE (__tbss_offset = (ADDR (.tbss) - ADDR (.tdata)))
                [!provide]                        PROVIDE (__tls_base = __tdata_start)
                [!provide]                        PROVIDE (__tls_end = __tbss_end)
                [!provide]                        PROVIDE (__tls_size = (__tls_end - __tls_base))
                [!provide]                        PROVIDE (__tls_align = MAX (ALIGNOF (.tdata), ALIGNOF (.tbss)))
                [!provide]                        PROVIDE (__tls_size_align = (((__tls_size + __tls_align) - 0x1) & ~ ((__tls_align - 0x1))))
                [!provide]                        PROVIDE (__arm32_tls_tcb_offset = MAX (0x8, __tls_align))
                [!provide]                        PROVIDE (__arm64_tls_tcb_offset = MAX (0x10, __tls_align))

.bss            0x2000000c       0x68 load address 0x08002e58
 *(.bss)
 *(.bss*)
 .bss.completed.1
                0x2000000c        0x1 /usr/lib/gcc/arm-none-eabi/14.2.0/thumb/v7-m/nofp/crtbegin.o
 *fill*         0x2000000d        0x3 
 .bss.object.0  0x20000010       0x18 /usr/lib/gcc/arm-none-eabi/14.2.0/thumb/v7-m/nofp/crtbegin.o
 .bss.uwTick    0x20000028        0x4 cmake/stm32cubemx/CMakeFiles/STM32_Drivers.dir/__/__/Drivers/STM32F1xx_HAL_Driver/Src/stm32f1xx_hal.c.obj
                0x20000028                uwTick
 .bss.htim3     0x2000002c       0x48 CMakeFiles/cubemx.dir/Core/Src/tim.c.obj
                0x2000002c                htim3
 *(COMMON)
                0x20000074                        . = ALIGN (0x4)
                0x20000074                        _ebss = .
                0x20000074                        __bss_end__ = _ebss
                [!provide]                        PROVIDE (__bss_end = .)
                [!provide]                        PROVIDE (__non_tls_bss_start = ADDR (.bss))
                [!provide]                        PROVIDE (__bss_start = __tbss_start)
                [!provide]                        PROVIDE (__bss_size = (__bss_end - __bss_start))

._user_heap_stack
                0x20000074      0x604 load address 0x08002e58
                0x20000078                        . = ALIGN (0x8)
 *fill*         0x20000074        0x4 
                [!provide]                        PROVIDE (end = .)
                0x20000078                        PROVIDE (_end = .)
                0x20000278                        . = (. + _Min_Heap_Size)
 *fill*         0x20000078      0x200 
                0x20000678                        . = (. + _Min_Stack_Size)
 *fill*         0x20000278      0x400 
                0x20000678                        . = ALIGN (0x8)

/DISCARD/
 libc.a:*(*)
 libm.a:*(*)
 libgcc.a:*(*)
OUTPUT(cubemx.elf elf32-littlearm)
LOAD linker stubs

.ARM.attributes
                0x00000000       0x29
 .ARM.attributes
                0x00000000       0x1d /usr/lib/gcc/arm-none-eabi/14.2.0/thumb/v7-m/nofp/crti.o
 .ARM.attributes
                0x0000001d       0x2d /usr/lib/gcc/arm-none-eabi/14.2.0/thumb/v7-m/nofp/crtbegin.o
 .ARM.attributes
                0x0000004a       0x2d cmake/stm32cubemx/CMakeFiles/STM32_Drivers.dir/__/__/Core/Src/system_stm32f1xx.c.obj
 .ARM.attributes
                0x00000077       0x2d cmake/stm32cubemx/CMakeFiles/STM32_Drivers.dir/__/__/Drivers/STM32F1xx_HAL_Driver/Src/stm32f1xx_hal_tim.c.obj
 .ARM.attributes
                0x000000a4       0x2d cmake/stm32cubemx/CMakeFiles/STM32_Drivers.dir/__/__/Drivers/STM32F1xx_HAL_Driver/Src/stm32f1xx_hal_tim_ex.c.obj
 .ARM.attributes
                0x000000d1       0x2d cmake/stm32cubemx/CMakeFiles/STM32_Drivers.dir/__/__/Drivers/STM32F1xx_HAL_Driver/Src/stm32f1xx_hal.c.obj
 .ARM.attributes
                0x000000fe       0x2d cmake/stm32cubemx/CMakeFiles/STM32_Drivers.dir/__/__/Drivers/STM32F1xx_HAL_Driver/Src/stm32f1xx_hal_rcc.c.obj
 .ARM.attributes
                0x0000012b       0x2d cmake/stm32cubemx/CMakeFiles/STM32_Drivers.dir/__/__/Drivers/STM32F1xx_HAL_Driver/Src/stm32f1xx_hal_gpio.c.obj
 .ARM.attributes
                0x00000158       0x2d cmake/stm32cubemx/CMakeFiles/STM32_Drivers.dir/__/__/Drivers/STM32F1xx_HAL_Driver/Src/stm32f1xx_hal_cortex.c.obj
 .ARM.attributes
                0x00000185       0x2d CMakeFiles/cubemx.dir/Core/Src/main.c.obj
 .ARM.attributes
                0x000001b2       0x2d CMakeFiles/cubemx.dir/Core/Src/gpio.c.obj
 .ARM.attributes
                0x000001df       0x2d CMakeFiles/cubemx.dir/Core/Src/tim.c.obj
 .ARM.attributes
                0x0000020c       0x2d CMakeFiles/cubemx.dir/Core/Src/stm32f1xx_it.c.obj
 .ARM.attributes
                0x00000239       0x2d CMakeFiles/cubemx.dir/Core/Src/stm32f1xx_hal_msp.c.obj
 .ARM.attributes
                0x00000266       0x21 CMakeFiles/cubemx.dir/startup_stm32f103xb.s.obj
 .ARM.attributes
                0x00000287       0x2d CMakeFiles/cubemx.dir/Core/Src/servo.c.obj
 .ARM.attributes
                0x000002b4       0x2d CMakeFiles/cubemx.dir/Core/Src/sonar.c.obj
 .ARM.attributes
                0x000002e1       0x2d CMakeFiles/cubemx.dir/Core/Src/sccb.c.obj
 .ARM.attributes
                0x0000030e       0x2d CMakeFiles/cubemx.dir/Core/Src/ov2640.c.obj
 .ARM.attributes
                0x0000033b       0x2d CMakeFiles/cubemx.dir/Core/Src/vision.c.obj
 .ARM.attributes
                0x00000368       0x1d /usr/lib/gcc/arm-none-eabi/14.2.0/thumb/v7-m/nofp/libgcc.a(_arm_addsubsf3.o)
 .ARM.attributes
                0x00000385       0x1d /usr/lib/gcc/arm-none-eabi/14.2.0/thumb/v7-m/nofp/libgcc.a(_arm_muldivsf3.o)
 .ARM.attributes
                0x000003a2       0x2d /usr/lib/gcc/arm-none-eabi/14.2.0/../../../../arm-none-eabi/lib/thumb/v7-m/nofp/libg_nano.a(libc_a-memset.o)
 .ARM.attributes
                0x000003cf       0x2d /usr/lib/gcc/arm-none-eabi/14.2.0/../../../../arm-none-eabi/lib/thumb/v7-m/nofp/libg_nano.a(libc_a-init.o)
 .ARM.attributes
                0x000003fc       0x1d /usr/lib/gcc/arm-none-eabi/14.2.0/thumb/v7-m/nofp/crtn.o

.comment        0x00000000       0x1e
 .comment       0x00000000       0x1e cmake/stm32cubemx/CMakeFiles/STM32_Drivers.dir/__/__/Core/Src/system_stm32f1xx.c.obj
                                 0x1f (size before relaxing)
 .comment       0x0000001e       0x1f cmake/stm32cubemx/CMakeFiles/STM32_Drivers.dir/__/__/Drivers/STM32F1xx_HAL_Driver/Src/stm32f1xx_hal_tim.c.obj
 .comment       0x0000001e       0x1f cmake/stm32cubemx/CMakeFiles/STM32_Drivers.dir/__/__/Drivers/STM32F1xx_HAL_Driver/Src/stm32f1xx_hal_tim_ex.c.obj
 .comment       0x0000001e       0x1f cmake/stm32cubemx/CMakeFiles/STM32_Drivers.dir/__/__/Drivers/STM32F1xx_HAL_Driver/Src/stm32f1xx_hal.c.obj
 .comment       0x0000001e       0x1f cmake/stm32cubemx/CMakeFiles/STM32_Drivers.dir/__/__/Drivers/STM32F1xx_HAL_Driver/Src/stm32f1xx_hal_rcc.c.obj
 .comment       0x0000001e       0x1f cmake/stm32cubemx/CMakeFiles/STM32_Drivers.dir/__/__/Drivers/STM32F1xx_HAL_Driver/Src/stm32f1xx_hal_gpio.c.obj
 .comment       0x0000001e       0x1f cmake/stm32cubemx/CMakeFiles/STM32_Drivers.dir/__/__/Drivers/STM32F1xx_HAL_Driver/Src/stm32f1xx_hal_cortex.c.obj
 .comment       0x0000001e       0x1f CMakeFiles/cubemx.dir/Core/Src/main.c.obj
 .comment       0x0000001e       0x1f CMakeFiles/cubemx.dir/Core/Src/gpio.c.obj
 .comment       0x0000001e       0x1f CMakeFiles/cubemx.dir/Core/Src/tim.c.obj
 .comment       0x0000001e       0x1f CMakeFiles/cubemx.dir/Core/Src/stm32f1xx_it.c.obj
 .comment       0x0000001e       0x1f CMakeFiles/cubemx.dir/Core/Src/stm32f1xx_hal_msp.c.obj
 .comment       0x0000001e       0x1f CMakeFiles/cubemx.dir/Core/Src/servo.c.obj
 .comment       0x0000001e       0x1f CMakeFiles/cubemx.dir/Core/Src/sonar.c.obj
 .comment       0x0000001e       0x1f CMakeFiles/cubemx.dir/Core/Src/sccb.c.obj
 .comment       0x0000001e       0x1f CMakeFiles/cubemx.dir/Core/Src/ov2640.c.obj
 .comment       0x0000001e       0x1f CMakeFiles/cubemx.dir/Core/Src/vision.c.obj
 .comment       0x0000001e       0x1f /usr/lib/gcc/arm-none-eabi/14.2.0/../../../../arm-none-eabi/lib/thumb/v7-m/nofp/libg_nano.a(libc_a-memset.o)
 .comment       0x0000001e       0x1f /usr/lib/gcc/arm-none-eabi/14.2.0/../../../../arm-none-eabi/lib/thumb/v7-m/nofp/libg_nano.a(libc_a-init.o)

.debug_info     0x00000000     0x87b1
 .debug_info    0x00000000      0x222 cmake/stm32cubemx/CMakeFiles/STM32_Drivers.dir/__/__/Core/Src/system_stm32f1xx.c.obj
 .debug_info    0x00000222     0x2959 cmake/stm32cubemx/CMakeFiles/STM32_Drivers.dir/__/__/Drivers/STM32F1xx_HAL_Driver/Src/stm32f1xx_hal_tim.c.obj
 .debug_info    0x00002b7b     0x149b cmake/stm32cubemx/CMakeFiles/STM32_Drivers.dir/__/__/Drivers/STM32F1xx_HAL_Driver/Src/stm32f1xx_hal_tim_ex.c.obj
 .debug_info    0x00004016      0x704 cmake/stm32cubemx/CMakeFiles/STM32_Drivers.dir/__/__/Drivers/STM32F1xx_HAL_Driver/Src/stm32f1xx_hal.c.obj
 .debug_info    0x0000471a      0x7d5 cmake/stm32cubemx/CMakeFiles/STM32_Drivers.dir/__/__/Drivers/STM32F1xx_HAL_Driver/Src/stm32f1xx_hal_rcc.c.obj
 .debug_info    0x00004eef      0x5ab cmake/stm32cubemx/CMakeFiles/STM32_Drivers.dir/__/__/Drivers/STM32F1xx_HAL_Driver/Src/stm32f1xx_hal_gpio.c.obj
 .debug_info    0x0000549a      0xa87 cmake/stm32cubemx/CMakeFiles/STM32_Drivers.dir/__/__/Drivers/STM32F1xx_HAL_Driver/Src/stm32f1xx_hal_cortex.c.obj
 .debug_info    0x00005f21      0x3d1 CMakeFiles/cubemx.dir/Core/Src/main.c.obj
 .debug_info    0x000062f2      0x2b7 CMakeFiles/cubemx.dir/Core/Src/gpio.c.obj
 .debug_info    0x000065a9      0xa22 CMakeFiles/cubemx.dir/Core/Src/tim.c.obj
 .debug_info    0x00006fcb      0x113 CMakeFiles/cubemx.dir/Core/Src/stm32f1xx_it.c.obj
 .debug_info    0x000070de      0x1f1 CMakeFiles/cubemx.dir/Core/Src/stm32f1xx_hal_msp.c.obj
 .debug_info    0x000072cf       0x30 CMakeFiles/cubemx.dir/startup_stm32f103xb.s.obj
 .debug_info    0x000072ff      0x6a4 CMakeFiles/cubemx.dir/Core/Src/servo.c.obj
 .debug_info    0x000079a3      0x42f CMakeFiles/cubemx.dir/Core/Src/sonar.c.obj
 .debug_info    0x00007dd2      0x2d2 CMakeFiles/cubemx.dir/Core/Src/sccb.c.obj
 .debug_info    0x000080a4      0x1a2 CMakeFiles/cubemx.dir/Core/Src/ov2640.c.obj
 .debug_info    0x00008246      0x25f CMakeFiles/cubemx.dir/Core/Src/vision.c.obj
 .debug_info    0x000084a5       0xca /usr/lib/gcc/arm-none-eabi/14.2.0/thumb/v7-m/nofp/libgcc.a(_arm_addsubsf3.o)
 .debug_info    0x0000856f       0x57 /usr/lib/gcc/arm-none-eabi/14.2.0/thumb/v7-m/nofp/libgcc.a(_arm_muldivsf3.o)
 .debug_info    0x000085c6       0xe0 /usr/lib/gcc/arm-none-eabi/14.2.0/../../../../arm-none-eabi/lib/thumb/v7-m/nofp/libg_nano.a(libc_a-memset.o)
 .debug_info    0x000086a6      0x10b /usr/lib/gcc/arm-none-eabi/14.2.0/../../../../arm-none-eabi/lib/thumb/v7-m/nofp/libg_nano.a(libc_a-init.o)

.debug_abbrev   0x00000000     0x1ec3
 .debug_abbrev  0x00000000      0x13f cmake/stm32cubemx/CMakeFiles/STM32_Drivers.dir/__/__/Core/Src/system_stm32f1xx.c.obj
 .debug_abbrev  0x0000013f      0x277 cmake/stm32cubemx/CMakeFiles/STM32_Drivers.dir/__/__/Drivers/STM32F1xx_HAL_Driver/Src/stm32f1xx_hal_tim.c.obj
 .debug_abbrev  0x000003b6      0x282 cmake/stm32cubemx/CMakeFiles/STM32_Drivers.dir/__/__/Drivers/STM32F1xx_HAL_Driver/Src/stm32f1xx_hal_tim_ex.c.obj
 .debug_abbrev  0x00000638      0x201 cmake/stm32cubemx/CMakeFiles/STM32_Drivers.dir/__/__/Drivers/STM32F1xx_HAL_Driver/Src/stm32f1xx_hal.c.obj
 .debug_abbrev  0x00000839      0x2b3 cmake/stm32cubemx/CMakeFiles/STM32_Drivers.dir/__/__/Drivers/STM32F1xx_HAL_Driver/Src/stm32f1xx_hal_rcc.c.obj
 .debug_abbrev  0x00000aec      0x1ca cmake/stm32cubemx/CMakeFiles/STM32_Drivers.dir/__/__/Drivers/STM32F1xx_HAL_Driver/Src/stm32f1xx_hal_gpio.c.obj
 .debug_abbrev  0x00000cb6      0x2f8 cmake/stm32cubemx/CMakeFiles/STM32_Drivers.dir/__/__/Drivers/STM32F1xx_HAL_Driver/Src/stm32f1xx_hal_cortex.c.obj
 .debug_abbrev  0x00000fae      0x1ba CMakeFiles/cubemx.dir/Core/Src/main.c.obj
 .debug_abbrev  0x00001168      0x13f CMakeFiles/cubemx.dir/Core/Src/gpio.c.obj
 .debug_abbrev  0x000012a7      0x230 CMakeFiles/cubemx.dir/Core/Src/tim.c.obj
 .debug_abbrev  0x000014d7       0x73 CMakeFiles/cubemx.dir/Core/Src/stm32f1xx_it.c.obj
 .debug_abbrev  0x0000154a       0xdb CMakeFiles/cubemx.dir/Core/Src/stm32f1xx_hal_msp.c.obj
 .debug_abbrev  0x00001625       0x24 CMakeFiles/cubemx.dir/startup_stm32f103xb.s.obj
 .debug_abbrev  0x00001649      0x191 CMakeFiles/cubemx.dir/Core/Src/servo.c.obj
 .debug_abbrev  0x000017da      0x197 CMakeFiles/cubemx.dir/Core/Src/sonar.c.obj
 .debug_abbrev  0x00001971      0x180 CMakeFiles/cubemx.dir/Core/Src/sccb.c.obj
 .debug_abbrev  0x00001af1       0xe3 CMakeFiles/cubemx.dir/Core/Src/ov2640.c.obj
 .debug_abbrev  0x00001bd4      0x138 CMakeFiles/cubemx.dir/Core/Src/vision.c.obj
 .debug_abbrev  0x00001d0c       0x28 /usr/lib/gcc/arm-none-eabi/14.2.0/thumb/v7-m/nofp/libgcc.a(_arm_addsubsf3.o)
 .debug_abbrev  0x00001d34       0x28 /usr/lib/gcc/arm-none-eabi/14.2.0/thumb/v7-m/nofp/libgcc.a(_arm_muldivsf3.o)
 .debug_abbrev  0x00001d5c       0x9e /usr/lib/gcc/arm-none-eabi/14.2.0/../../../../arm-none-eabi/lib/thumb/v7-m/nofp/libg_nano.a(libc_a-memset.o)
 .debug_abbrev  0x00001dfa       0xc9 /usr/lib/gcc/arm-none-eabi/14.2.0/../../../../arm-none-eabi/lib/thumb/v7-m/nofp/libg_nano.a(libc_a-init.o)

.debug_aranges  0x00000000      0xae8
 .debug_aranges
                0x00000000       0x28 cmake/stm32cubemx/CMakeFiles/STM32_Drivers.dir/__/__/Core/Src/system_stm32f1xx.c.obj
 .debug_aranges
                0x00000028      0x3d0 cmake/stm32cubemx/CMakeFiles/STM32_Drivers.dir/__/__/Drivers/STM32F1xx_HAL_Driver/Src/stm32f1xx_hal_tim.c.obj
 .debug_aranges
                0x000003f8      0x168 cmake/stm32cubemx/CMakeFiles/STM32_Drivers.dir/__/__/Drivers/STM32F1xx_HAL_Driver/Src/stm32f1xx_hal_tim_ex.c.obj
 .debug_aranges
                0x00000560       0xe0 cmake/stm32cubemx/CMakeFiles/STM32_Drivers.dir/__/__/Drivers/STM32F1xx_HAL_Driver/Src/stm32f1xx_hal.c.obj
 .debug_aranges
                0x00000640       0x90 cmake/stm32cubemx/CMakeFiles/STM32_Drivers.dir/__/__/Drivers/STM32F1xx_HAL_Driver/Src/stm32f1xx_hal_rcc.c.obj
 .debug_aranges
                0x000006d0       0x58 cmake/stm32cubemx/CMakeFiles/STM32_Drivers.dir/__/__/Drivers/STM32F1xx_HAL_Driver/Src/stm32f1xx_hal_gpio.c.obj
 .debug_aranges
                0x00000728      0x100 cmake/stm32cubemx/CMakeFiles/STM32_Drivers.dir/__/__/Drivers/STM32F1xx_HAL_Driver/Src/stm32f1xx_hal_cortex.c.obj
 .debug_aranges
                0x00000828       0x30 CMakeFiles/cubemx.dir/Core/Src/main.c.obj
 .debug_aranges
                0x00000858       0x20 CMakeFiles/cubemx.dir/Core/Src/gpio.c.obj
 .debug_aranges
                0x00000878       0x38 CMakeFiles/cubemx.dir/Core/Src/tim.c.obj
 .debug_aranges
                0x000008b0       0x60 CMakeFiles/cubemx.dir/Core/Src/stm32f1xx_it.c.obj
 .debug_aranges
                0x00000910       0x20 CMakeFiles/cubemx.dir/Core/Src/stm32f1xx_hal_msp.c.obj
 .debug_aranges
                0x00000930       0x28 CMakeFiles/cubemx.dir/startup_stm32f103xb.s.obj
 .debug_aranges
                0x00000958       0x28 CMakeFiles/cubemx.dir/Core/Src/servo.c.obj
 .debug_aranges
                0x00000980       0x38 CMakeFiles/cubemx.dir/Core/Src/sonar.c.obj
 .debug_aranges
                0x000009b8       0x60 CMakeFiles/cubemx.dir/Core/Src/sccb.c.obj
 .debug_aranges
                0x00000a18       0x20 CMakeFiles/cubemx.dir/Core/Src/ov2640.c.obj
 .debug_aranges
                0x00000a38       0x30 CMakeFiles/cubemx.dir/Core/Src/vision.c.obj
 .debug_aranges
                0x00000a68       0x20 /usr/lib/gcc/arm-none-eabi/14.2.0/thumb/v7-m/nofp/libgcc.a(_arm_addsubsf3.o)
 .debug_aranges
                0x00000a88       0x20 /usr/lib/gcc/arm-none-eabi/14.2.0/thumb/v7-m/nofp/libgcc.a(_arm_muldivsf3.o)
 .debug_aranges
                0x00000aa8       0x20 /usr/lib/gcc/arm-none-eabi/14.2.0/../../../../arm-none-eabi/lib/thumb/v7-m/nofp/libg_nano.a(libc_a-memset.o)
 .debug_aranges
                0x00000ac8       0x20 /usr/lib/gcc/arm-none-eabi/14.2.0/../../../../arm-none-eabi/lib/thumb/v7-m/nofp/libg_nano.a(libc_a-init.o)

.debug_rnglists
                0x00000000      0x816
 .debug_rnglists
                0x00000000       0x1a cmake/stm32cubemx/CMakeFiles/STM32_Drivers.dir/__/__/Core/Src/system_stm32f1xx.c.obj
 .debug_rnglists
                0x0000001a      0x31a cmake/stm32cubemx/CMakeFiles/STM32_Drivers.dir/__/__/Drivers/STM32F1xx_HAL_Driver/Src/stm32f1xx_hal_tim.c.obj
 .debug_rnglists
                0x00000334      0x125 cmake/stm32cubemx/CMakeFiles/STM32_Drivers.dir/__/__/Drivers/STM32F1xx_HAL_Driver/Src/stm32f1xx_hal_tim_ex.c.obj
 .debug_rnglists
                0x00000459       0xa3 cmake/stm32cubemx/CMakeFiles/STM32_Drivers.dir/__/__/Drivers/STM32F1xx_HAL_Driver/Src/stm32f1xx_hal.c.obj
 .debug_rnglists
                0x000004fc       0x6c cmake/stm32cubemx/CMakeFiles/STM32_Drivers.dir/__/__/Drivers/STM32F1xx_HAL_Driver/Src/stm32f1xx_hal_rcc.c.obj
 .debug_rnglists
                0x00000568       0x3f cmake/stm32cubemx/CMakeFiles/STM32_Drivers.dir/__/__/Drivers/STM32F1xx_HAL_Driver/Src/stm32f1xx_hal_gpio.c.obj
 .debug_rnglists
                0x000005a7       0xbb cmake/stm32cubemx/CMakeFiles/STM32_Drivers.dir/__/__/Drivers/STM32F1xx_HAL_Driver/Src/stm32f1xx_hal_cortex.c.obj
 .debug_rnglists
                0x00000662       0x21 CMakeFiles/cubemx.dir/Core/Src/main.c.obj
 .debug_rnglists
                0x00000683       0x14 CMakeFiles/cubemx.dir/Core/Src/gpio.c.obj
 .debug_rnglists
                0x00000697       0x26 CMakeFiles/cubemx.dir/Core/Src/tim.c.obj
 .debug_rnglists
                0x000006bd       0x43 CMakeFiles/cubemx.dir/Core/Src/stm32f1xx_it.c.obj
 .debug_rnglists
                0x00000700       0x13 CMakeFiles/cubemx.dir/Core/Src/stm32f1xx_hal_msp.c.obj
 .debug_rnglists
                0x00000713       0x19 CMakeFiles/cubemx.dir/startup_stm32f103xb.s.obj
 .debug_rnglists
                0x0000072c       0x19 CMakeFiles/cubemx.dir/Core/Src/servo.c.obj
 .debug_rnglists
                0x00000745       0x26 CMakeFiles/cubemx.dir/Core/Src/sonar.c.obj
 .debug_rnglists
                0x0000076b       0x45 CMakeFiles/cubemx.dir/Core/Src/sccb.c.obj
 .debug_rnglists
                0x000007b0       0x20 CMakeFiles/cubemx.dir/Core/Src/ov2640.c.obj
 .debug_rnglists
                0x000007d0       0x20 CMakeFiles/cubemx.dir/Core/Src/vision.c.obj
 .debug_rnglists
                0x000007f0       0x13 /usr/lib/gcc/arm-none-eabi/14.2.0/../../../../arm-none-eabi/lib/thumb/v7-m/nofp/libg_nano.a(libc_a-memset.o)
 .debug_rnglists
                0x00000803       0x13 /usr/lib/gcc/arm-none-eabi/14.2.0/../../../../arm-none-eabi/lib/thumb/v7-m/nofp/libg_nano.a(libc_a-init.o)

.debug_macro    0x00000000    0x17e22
 .debug_macro   0x00000000      0x199 cmake/stm32cubemx/CMakeFiles/STM32_Drivers.dir/__/__/Core/Src/system_stm32f1xx.c.obj
 .debug_macro   0x00000199      0xacc cmake/stm32cubemx/CMakeFiles/STM32_Drivers.dir/__/__/Core/Src/system_stm32f1xx.c.obj
 .debug_macro   0x00000c65       0x2e cmake/stm32cubemx/CMakeFiles/STM32_Drivers.dir/__/__/Core/Src/system_stm32f1xx.c.obj
 .debug_macro   0x00000c93       0x22 cmake/stm32cubemx/CMakeFiles/STM32_Drivers.dir/__/__/Core/Src/system_stm32f1xx.c.obj
 .debug_macro   0x00000cb5       0x22 cmake/stm32cubemx/CMakeFiles/STM32_Drivers.dir/__/__/Core/Src/system_stm32f1xx.c.obj
 .debug_macro   0x00000cd7       0x8e cmake/stm32cubemx/CMakeFiles/STM32_Drivers.dir/__/__/Core/Src/system_stm32f1xx.c.obj
 .debug_macro   0x00000d65       0x51 cmake/stm32cubemx/CMakeFiles/STM32_Drivers.dir/__/__/Core/Src/system_stm32f1xx.c.obj
 .debug_macro   0x00000db6      0x103 cmake/stm32cubemx/CMakeFiles/STM32_Drivers.dir/__/__/Core/Src/system_stm32f1xx.c.obj
 .debug_macro   0x00000eb9       0x6a cmake/stm32cubemx/CMakeFiles/STM32_Drivers.dir/__/__/Core/Src/system_stm32f1xx.c.obj
 .debug_macro   0x00000f23      0x1df cmake/stm32cubemx/CMakeFiles/STM32_Drivers.dir/__/__/Core/Src/system_stm32f1xx.c.obj
 .debug_macro   0x00001102       0x1c cmake/stm32cubemx/CMakeFiles/STM32_Drivers.dir/__/__/Core/Src/system_stm32f1xx.c.obj
 .debug_macro   0x0000111e       0x22 cmake/stm32cubemx/CMakeFiles/STM32_Drivers.dir/__/__/Core/Src/system_stm32f1xx.c.obj
 .debug_macro   0x00001140       0xbd cmake/stm32cubemx/CMakeFiles/STM32_Drivers.dir/__/__/Core/Src/system_stm32f1xx.c.obj
 .debug_macro   0x000011fd      0xd23 cmake/stm32cubemx/CMakeFiles/STM32_Drivers.dir/__/__/Core/Src/system_stm32f1xx.c.obj
 .debug_macro   0x00001f20     0xe09e cmake/stm32cubemx/CMakeFiles/STM32_Drivers.dir/__/__/Core/Src/system_stm32f1xx.c.obj
 .debug_macro   0x0000ffbe       0x6d cmake/stm32cubemx/CMakeFiles/STM32_Drivers.dir/__/__/Core/Src/system_stm32f1xx.c.obj
 .debug_macro   0x0001002b      0x215 cmake/stm32cubemx/CMakeFiles/STM32_Drivers.dir/__/__/Core/Src/system_stm32f1xx.c.obj
 .debug_macro   0x00010240     0x34a2 cmake/stm32cubemx/CMakeFiles/STM32_Drivers.dir/__/__/Core/Src/system_stm32f1xx.c.obj
 .debug_macro   0x000136e2      0x190 cmake/stm32cubemx/CMakeFiles/STM32_Drivers.dir/__/__/Core/Src/system_stm32f1xx.c.obj
 .debug_macro   0x00013872       0x5c cmake/stm32cubemx/CMakeFiles/STM32_Drivers.dir/__/__/Core/Src/system_stm32f1xx.c.obj
 .debug_macro   0x000138ce      0x5bc cmake/stm32cubemx/CMakeFiles/STM32_Drivers.dir/__/__/Core/Src/system_stm32f1xx.c.obj
 .debug_macro   0x00013e8a      0x289 cmake/stm32cubemx/CMakeFiles/STM32_Drivers.dir/__/__/Core/Src/system_stm32f1xx.c.obj
 .debug_macro   0x00014113      0x1cb cmake/stm32cubemx/CMakeFiles/STM32_Drivers.dir/__/__/Core/Src/system_stm32f1xx.c.obj
 .debug_macro   0x000142de      0x114 cmake/stm32cubemx/CMakeFiles/STM32_Drivers.dir/__/__/Core/Src/system_stm32f1xx.c.obj
 .debug_macro   0x000143f2      0x1b2 cmake/stm32cubemx/CMakeFiles/STM32_Drivers.dir/__/__/Core/Src/system_stm32f1xx.c.obj
 .debug_macro   0x000145a4       0x27 cmake/stm32cubemx/CMakeFiles/STM32_Drivers.dir/__/__/Core/Src/system_stm32f1xx.c.obj
 .debug_macro   0x000145cb      0x136 cmake/stm32cubemx/CMakeFiles/STM32_Drivers.dir/__/__/Core/Src/system_stm32f1xx.c.obj
 .debug_macro   0x00014701      0x1bc cmake/stm32cubemx/CMakeFiles/STM32_Drivers.dir/__/__/Core/Src/system_stm32f1xx.c.obj
 .debug_macro   0x000148bd       0x34 cmake/stm32cubemx/CMakeFiles/STM32_Drivers.dir/__/__/Core/Src/system_stm32f1xx.c.obj
 .debug_macro   0x000148f1       0x3c cmake/stm32cubemx/CMakeFiles/STM32_Drivers.dir/__/__/Core/Src/system_stm32f1xx.c.obj
 .debug_macro   0x0001492d       0x57 cmake/stm32cubemx/CMakeFiles/STM32_Drivers.dir/__/__/Core/Src/system_stm32f1xx.c.obj
 .debug_macro   0x00014984       0x87 cmake/stm32cubemx/CMakeFiles/STM32_Drivers.dir/__/__/Core/Src/system_stm32f1xx.c.obj
 .debug_macro   0x00014a0b      0x240 cmake/stm32cubemx/CMakeFiles/STM32_Drivers.dir/__/__/Core/Src/system_stm32f1xx.c.obj
 .debug_macro   0x00014c4b      0x140 cmake/stm32cubemx/CMakeFiles/STM32_Drivers.dir/__/__/Core/Src/system_stm32f1xx.c.obj
 .debug_macro   0x00014d8b      0x8ed cmake/stm32cubemx/CMakeFiles/STM32_Drivers.dir/__/__/Core/Src/system_stm32f1xx.c.obj
 .debug_macro   0x00015678       0x83 cmake/stm32cubemx/CMakeFiles/STM32_Drivers.dir/__/__/Core/Src/system_stm32f1xx.c.obj
 .debug_macro   0x000156fb      0x19a cmake/stm32cubemx/CMakeFiles/STM32_Drivers.dir/__/__/Drivers/STM32F1xx_HAL_Driver/Src/stm32f1xx_hal_tim.c.obj
 .debug_macro   0x00015895      0x199 cmake/stm32cubemx/CMakeFiles/STM32_Drivers.dir/__/__/Drivers/STM32F1xx_HAL_Driver/Src/stm32f1xx_hal_tim_ex.c.obj
 .debug_macro   0x00015a2e      0x1bd cmake/stm32cubemx/CMakeFiles/STM32_Drivers.dir/__/__/Drivers/STM32F1xx_HAL_Driver/Src/stm32f1xx_hal.c.obj
 .debug_macro   0x00015beb      0x1ab cmake/stm32cubemx/CMakeFiles/STM32_Drivers.dir/__/__/Drivers/STM32F1xx_HAL_Driver/Src/stm32f1xx_hal_rcc.c.obj
 .debug_macro   0x00015d96      0x204 cmake/stm32cubemx/CMakeFiles/STM32_Drivers.dir/__/__/Drivers/STM32F1xx_HAL_Driver/Src/stm32f1xx_hal_gpio.c.obj
 .debug_macro   0x00015f9a      0x199 cmake/stm32cubemx/CMakeFiles/STM32_Drivers.dir/__/__/Drivers/STM32F1xx_HAL_Driver/Src/stm32f1xx_hal_cortex.c.obj
 .debug_macro   0x00016133      0x2b1 CMakeFiles/cubemx.dir/Core/Src/main.c.obj
 .debug_macro   0x000163e4       0xb8 CMakeFiles/cubemx.dir/Core/Src/main.c.obj
 .debug_macro   0x0001649c       0x1c CMakeFiles/cubemx.dir/Core/Src/main.c.obj
 .debug_macro   0x000164b8       0x22 CMakeFiles/cubemx.dir/Core/Src/main.c.obj
 .debug_macro   0x000164da       0x4c CMakeFiles/cubemx.dir/Core/Src/main.c.obj
 .debug_macro   0x00016526       0x1c CMakeFiles/cubemx.dir/Core/Src/main.c.obj
 .debug_macro   0x00016542       0x24 CMakeFiles/cubemx.dir/Core/Src/main.c.obj
 .debug_macro   0x00016566       0x74 CMakeFiles/cubemx.dir/Core/Src/main.c.obj
 .debug_macro   0x000165da       0x3c CMakeFiles/cubemx.dir/Core/Src/main.c.obj
 .debug_macro   0x00016616       0x34 CMakeFiles/cubemx.dir/Core/Src/main.c.obj
 .debug_macro   0x0001664a       0x16 CMakeFiles/cubemx.dir/Core/Src/main.c.obj
 .debug_macro   0x00016660       0x3c CMakeFiles/cubemx.dir/Core/Src/main.c.obj
 .debug_macro   0x0001669c      0x364 CMakeFiles/cubemx.dir/Core/Src/main.c.obj
 .debug_macro   0x00016a00       0x16 CMakeFiles/cubemx.dir/Core/Src/main.c.obj
 .debug_macro   0x00016a16       0x4a CMakeFiles/cubemx.dir/Core/Src/main.c.obj
 .debug_macro   0x00016a60       0x34 CMakeFiles/cubemx.dir/Core/Src/main.c.obj
 .debug_macro   0x00016a94       0x10 CMakeFiles/cubemx.dir/Core/Src/main.c.obj
 .debug_macro   0x00016aa4       0x58 CMakeFiles/cubemx.dir/Core/Src/main.c.obj
 .debug_macro   0x00016afc      0x1e5 CMakeFiles/cubemx.dir/Core/Src/main.c.obj
 .debug_macro   0x00016ce1       0x16 CMakeFiles/cubemx.dir/Core/Src/main.c.obj
 .debug_macro   0x00016cf7       0x29 CMakeFiles/cubemx.dir/Core/Src/main.c.obj
 .debug_macro   0x00016d20      0x1b2 CMakeFiles/cubemx.dir/Core/Src/gpio.c.obj
 .debug_macro   0x00016ed2      0x1b2 CMakeFiles/cubemx.dir/Core/Src/tim.c.obj
 .debug_macro   0x00017084      0x1b2 CMakeFiles/cubemx.dir/Core/Src/stm32f1xx_it.c.obj
 .debug_macro   0x00017236      0x1a8 CMakeFiles/cubemx.dir/Core/Src/stm32f1xx_hal_msp.c.obj
 .debug_macro   0x000173de      0x1c1 CMakeFiles/cubemx.dir/Core/Src/servo.c.obj
 .debug_macro   0x0001759f       0x16 CMakeFiles/cubemx.dir/Core/Src/servo.c.obj
 .debug_macro   0x000175b5      0x1b7 CMakeFiles/cubemx.dir/Core/Src/sonar.c.obj
 .debug_macro   0x0001776c       0x1c CMakeFiles/cubemx.dir/Core/Src/sonar.c.obj
 .debug_macro   0x00017788      0x1b7 CMakeFiles/cubemx.dir/Core/Src/sccb.c.obj
 .debug_macro   0x0001793f       0x46 CMakeFiles/cubemx.dir/Core/Src/sccb.c.obj
 .debug_macro   0x00017985      0x289 CMakeFiles/cubemx.dir/Core/Src/ov2640.c.obj
 .debug_macro   0x00017c0e       0x16 CMakeFiles/cubemx.dir/Core/Src/ov2640.c.obj
 .debug_macro   0x00017c24       0x16 CMakeFiles/cubemx.dir/Core/Src/ov2640.c.obj
 .debug_macro   0x00017c3a      0x1e8 CMakeFiles/cubemx.dir/Core/Src/vision.c.obj

.debug_line     0x00000000     0xbbab
 .debug_line    0x00000000      0x5fc cmake/stm32cubemx/CMakeFiles/STM32_Drivers.dir/__/__/Core/Src/system_stm32f1xx.c.obj
 .debug_line    0x000005fc     0x331b cmake/stm32cubemx/CMakeFiles/STM32_Drivers.dir/__/__/Drivers/STM32F1xx_HAL_Driver/Src/stm32f1xx_hal_tim.c.obj
 .debug_line    0x00003917     0x16f1 cmake/stm32cubemx/CMakeFiles/STM32_Drivers.dir/__/__/Drivers/STM32F1xx_HAL_Driver/Src/stm32f1xx_hal_tim_ex.c.obj
 .debug_line    0x00005008      0x82d cmake/stm32cubemx/CMakeFiles/STM32_Drivers.dir/__/__/Drivers/STM32F1xx_HAL_Driver/Src/stm32f1xx_hal.c.obj
 .debug_line    0x00005835      0xce6 cmake/stm32cubemx/CMakeFiles/STM32_Drivers.dir/__/__/Drivers/STM32F1xx_HAL_Driver/Src/stm32f1xx_hal_rcc.c.obj
 .debug_line    0x0000651b      0x88a cmake/stm32cubemx/CMakeFiles/STM32_Drivers.dir/__/__/Drivers/STM32F1xx_HAL_Driver/Src/stm32f1xx_hal_gpio.c.obj
 .debug_line    0x00006da5      0x9f7 cmake/stm32cubemx/CMakeFiles/STM32_Drivers.dir/__/__/Drivers/STM32F1xx_HAL_Driver/Src/stm32f1xx_hal_cortex.c.obj
 .debug_line    0x0000779c      0x70e CMakeFiles/cubemx.dir/Core/Src/main.c.obj
 .debug_line    0x00007eaa      0x5ae CMakeFiles/cubemx.dir/Core/Src/gpio.c.obj
 .debug_line    0x00008458      0x656 CMakeFiles/cubemx.dir/Core/Src/tim.c.obj
 .debug_line    0x00008aae      0x62c CMakeFiles/cubemx.dir/Core/Src/stm32f1xx_it.c.obj
 .debug_line    0x000090da      0x57e CMakeFiles/cubemx.dir/Core/Src/stm32f1xx_hal_msp.c.obj
 .debug_line    0x00009658       0x78 CMakeFiles/cubemx.dir/startup_stm32f103xb.s.obj
 .debug_line    0x000096d0      0x5b7 CMakeFiles/cubemx.dir/Core/Src/servo.c.obj
 .debug_line    0x00009c87      0x648 CMakeFiles/cubemx.dir/Core/Src/sonar.c.obj
 .debug_line    0x0000a2cf      0x741 CMakeFiles/cubemx.dir/Core/Src/sccb.c.obj
 .debug_line    0x0000aa10      0x64f CMakeFiles/cubemx.dir/Core/Src/ov2640.c.obj
 .debug_line    0x0000b05f      0x6ed CMakeFiles/cubemx.dir/Core/Src/vision.c.obj
 .debug_line    0x0000b74c      0x103 /usr/lib/gcc/arm-none-eabi/14.2.0/thumb/v7-m/nofp/libgcc.a(_arm_addsubsf3.o)
 .debug_line    0x0000b84f      0x123 /usr/lib/gcc/arm-none-eabi/14.2.0/thumb/v7-m/nofp/libgcc.a(_arm_muldivsf3.o)
 .debug_line    0x0000b972      0x123 /usr/lib/gcc/arm-none-eabi/14.2.0/../../../../arm-none-eabi/lib/thumb/v7-m/nofp/libg_nano.a(libc_a-memset.o)
 .debug_line    0x0000ba95      0x116 /usr/lib/gcc/arm-none-eabi/14.2.0/../../../../arm-none-eabi/lib/thumb/v7-m/nofp/libg_nano.a(libc_a-init.o)

.debug_str      0x00000000    0x883a6
 .debug_str     0x00000000    0x883a6 cmake/stm32cubemx/CMakeFiles/STM32_Drivers.dir/__/__/Core/Src/system_stm32f1xx.c.obj
                              0x81b35 (size before relaxing)
 .debug_str     0x000883a6    0x82f66 cmake/stm32cubemx/CMakeFiles/STM32_Drivers.dir/__/__/Drivers/STM32F1xx_HAL_Driver/Src/stm32f1xx_hal_tim.c.obj
 .debug_str     0x000883a6    0x82772 cmake/stm32cubemx/CMakeFiles/STM32_Drivers.dir/__/__/Drivers/STM32F1xx_HAL_Driver/Src/stm32f1xx_hal_tim_ex.c.obj
 .debug_str     0x000883a6    0x82268 cmake/stm32cubemx/CMakeFiles/STM32_Drivers.dir/__/__/Drivers/STM32F1xx_HAL_Driver/Src/stm32f1xx_hal.c.obj
 .debug_str     0x000883a6    0x81f64 cmake/stm32cubemx/CMakeFiles/STM32_Drivers.dir/__/__/Drivers/STM32F1xx_HAL_Driver/Src/stm32f1xx_hal_rcc.c.obj
 .debug_str     0x000883a6    0x81ebb cmake/stm32cubemx/CMakeFiles/STM32_Drivers.dir/__/__/Drivers/STM32F1xx_HAL_Driver/Src/stm32f1xx_hal_gpio.c.obj
 .debug_str     0x000883a6    0x821b4 cmake/stm32cubemx/CMakeFiles/STM32_Drivers.dir/__/__/Drivers/STM32F1xx_HAL_Driver/Src/stm32f1xx_hal_cortex.c.obj
 .debug_str     0x000883a6    0x84eca CMakeFiles/cubemx.dir/Core/Src/main.c.obj
 .debug_str     0x000883a6    0x81de9 CMakeFiles/cubemx.dir/Core/Src/gpio.c.obj
 .debug_str     0x000883a6    0x8248a CMakeFiles/cubemx.dir/Core/Src/tim.c.obj
 .debug_str     0x000883a6    0x81d86 CMakeFiles/cubemx.dir/Core/Src/stm32f1xx_it.c.obj
 .debug_str     0x000883a6    0x81d71 CMakeFiles/cubemx.dir/Core/Src/stm32f1xx_hal_msp.c.obj
 .debug_str     0x000883a6       0x85 CMakeFiles/cubemx.dir/startup_stm32f103xb.s.obj
 .debug_str     0x000883a6    0x82289 CMakeFiles/cubemx.dir/Core/Src/servo.c.obj
 .debug_str     0x000883a6    0x81f2c CMakeFiles/cubemx.dir/Core/Src/sonar.c.obj
 .debug_str     0x000883a6    0x82037 CMakeFiles/cubemx.dir/Core/Src/sccb.c.obj
 .debug_str     0x000883a6    0x851c1 CMakeFiles/cubemx.dir/Core/Src/ov2640.c.obj
 .debug_str     0x000883a6    0x820e8 CMakeFiles/cubemx.dir/Core/Src/vision.c.obj
 .debug_str     0x000883a6      0x13f /usr/lib/gcc/arm-none-eabi/14.2.0/thumb/v7-m/nofp/libgcc.a(_arm_addsubsf3.o)
 .debug_str     0x000883a6       0xcb /usr/lib/gcc/arm-none-eabi/14.2.0/thumb/v7-m/nofp/libgcc.a(_arm_muldivsf3.o)
 .debug_str     0x000883a6      0x1b7 /usr/lib/gcc/arm-none-eabi/14.2.0/../../../../arm-none-eabi/lib/thumb/v7-m/nofp/libg_nano.a(libc_a-memset.o)
 .debug_str     0x000883a6      0x218 /usr/lib/gcc/arm-none-eabi/14.2.0/../../../../arm-none-eabi/lib/thumb/v7-m/nofp/libg_nano.a(libc_a-init.o)

.debug_frame    0x00000000     0x2934
 .debug_frame   0x00000000       0x58 cmake/stm32cubemx/CMakeFiles/STM32_Drivers.dir/__/__/Core/Src/system_stm32f1xx.c.obj
 .debug_frame   0x00000058     0x11b8 cmake/stm32cubemx/CMakeFiles/STM32_Drivers.dir/__/__/Drivers/STM32F1xx_HAL_Driver/Src/stm32f1xx_hal_tim.c.obj
 .debug_frame   0x00001210      0x638 cmake/stm32cubemx/CMakeFiles/STM32_Drivers.dir/__/__/Drivers/STM32F1xx_HAL_Driver/Src/stm32f1xx_hal_tim_ex.c.obj
 .debug_frame   0x00001848      0x334 cmake/stm32cubemx/CMakeFiles/STM32_Drivers.dir/__/__/Drivers/STM32F1xx_HAL_Driver/Src/stm32f1xx_hal.c.obj
 .debug_frame   0x00001b7c      0x218 cmake/stm32cubemx/CMakeFiles/STM32_Drivers.dir/__/__/Drivers/STM32F1xx_HAL_Driver/Src/stm32f1xx_hal_rcc.c.obj
 .debug_frame   0x00001d94      0x14c cmake/stm32cubemx/CMakeFiles/STM32_Drivers.dir/__/__/Drivers/STM32F1xx_HAL_Driver/Src/stm32f1xx_hal_gpio.c.obj
 .debug_frame   0x00001ee0      0x428 cmake/stm32cubemx/CMakeFiles/STM32_Drivers.dir/__/__/Drivers/STM32F1xx_HAL_Driver/Src/stm32f1xx_hal_cortex.c.obj
 .debug_frame   0x00002308       0x6c CMakeFiles/cubemx.dir/Core/Src/main.c.obj
 .debug_frame   0x00002374       0x34 CMakeFiles/cubemx.dir/Core/Src/gpio.c.obj
 .debug_frame   0x000023a8       0xa8 CMakeFiles/cubemx.dir/Core/Src/tim.c.obj
 .debug_frame   0x00002450      0x104 CMakeFiles/cubemx.dir/Core/Src/stm32f1xx_it.c.obj
 .debug_frame   0x00002554       0x38 CMakeFiles/cubemx.dir/Core/Src/stm32f1xx_hal_msp.c.obj
 .debug_frame   0x0000258c       0x54 CMakeFiles/cubemx.dir/Core/Src/servo.c.obj
 .debug_frame   0x000025e0       0x9c CMakeFiles/cubemx.dir/Core/Src/sonar.c.obj
 .debug_frame   0x0000267c      0x138 CMakeFiles/cubemx.dir/Core/Src/sccb.c.obj
 .debug_frame   0x000027b4       0x34 CMakeFiles/cubemx.dir/Core/Src/ov2640.c.obj
 .debug_frame   0x000027e8       0x7c CMakeFiles/cubemx.dir/Core/Src/vision.c.obj
 .debug_frame   0x00002864       0x4c /usr/lib/gcc/arm-none-eabi/14.2.0/thumb/v7-m/nofp/libgcc.a(_arm_addsubsf3.o)
 .debug_frame   0x000028b0       0x38 /usr/lib/gcc/arm-none-eabi/14.2.0/thumb/v7-m/nofp/libgcc.a(_arm_muldivsf3.o)
 .debug_frame   0x000028e8       0x20 /usr/lib/gcc/arm-none-eabi/14.2.0/../../../../arm-none-eabi/lib/thumb/v7-m/nofp/libg_nano.a(libc_a-memset.o)
 .debug_frame   0x00002908       0x2c /usr/lib/gcc/arm-none-eabi/14.2.0/../../../../arm-none-eabi/lib/thumb/v7-m/nofp/libg_nano.a(libc_a-init.o)

.debug_line_str
                0x00000000       0xfe
 .debug_line_str
                0x00000000       0xfe CMakeFiles/cubemx.dir/startup_stm32f103xb.s.obj
                                 0x6b (size before relaxing)
 .debug_line_str
                0x000000fe       0x93 /usr/lib/gcc/arm-none-eabi/14.2.0/thumb/v7-m/nofp/libgcc.a(_arm_addsubsf3.o)
 .debug_line_str
                0x000000fe       0x93 /usr/lib/gcc/arm-none-eabi/14.2.0/thumb/v7-m/nofp/libgcc.a(_arm_muldivsf3.o)

.debug_loclists
                0x00000000       0x7f
 .debug_loclists
                0x00000000       0x3b /usr/lib/gcc/arm-none-eabi/14.2.0/../../../../arm-none-eabi/lib/thumb/v7-m/nofp/libg_nano.a(libc_a-memset.o)
 .debug_loclists
                0x0000003b       0x44 /usr/lib/gcc/arm-none-eabi/14.2.0/../../../../arm-none-eabi/lib/thumb/v7-m/nofp/libg_nano.a(libc_a-init.o)
